../Core/Src/ssd1306.c:62:6:SSD1306_ScrollRight	16	static
../Core/Src/ssd1306.c:87:6:SSD1306_ScrollLeft	16	static
../Core/Src/ssd1306.c:112:6:SSD1306_Scrolldiagright	16	static
../Core/Src/ssd1306.c:143:6:SSD1306_Scrolldiagleft	16	static
../Core/Src/ssd1306.c:174:6:SSD1306_Stopscroll	16	static
../Core/Src/ssd1306.c:186:6:SSD1306_InvertDisplay	16	static
../Core/Src/ssd1306.c:203:6:SSD1306_DrawBitmap	32	static
../Core/Src/ssd1306.c:233:9:SSD1306_Init	24	static
../Core/Src/ssd1306.c:359:6:SSD1306_UpdateScreen	24	static
../Core/Src/ssd1306.c:389:6:SSD1306_ToggleInvert	16	static
../Core/Src/ssd1306.c:401:6:SSD1306_Fill	16	static
../Core/Src/ssd1306.c:406:6:SSD1306_DrawPixel	16	static
../Core/Src/ssd1306.c:428:6:SSD1306_GotoXY	16	static
../Core/Src/ssd1306.c:434:6:SSD1306_Putc	32	static
../Core/Src/ssd1306.c:465:6:SSD1306_Puts	24	static
../Core/Src/ssd1306.c:483:6:SSD1306_DrawLine	40	static
../Core/Src/ssd1306.c:567:6:SSD1306_DrawRectangle	32	static
../Core/Src/ssd1306.c:592:6:SSD1306_DrawFilledRectangle	40	static
../Core/Src/ssd1306.c:619:6:SSD1306_DrawTriangle	32	static
../Core/Src/ssd1306.c:627:6:SSD1306_DrawFilledTriangle	64	static
../Core/Src/ssd1306.c:683:6:SSD1306_DrawCircle	40	static
../Core/Src/ssd1306.c:717:6:SSD1306_DrawFilledCircle	48	static
../Core/Src/ssd1306.c:750:6:SSD1306_Clear	16	static
../Core/Src/ssd1306.c:755:6:SSD1306_ON	16	static
../Core/Src/ssd1306.c:770:6:SSD1306_OFF	16	static
../Core/Src/ssd1306.c:794:6:ssd1306_I2C_Init	16	static
../Core/Src/ssd1306.c:806:6:ssd1306_I2C_WriteMulti	296	static
../Core/Src/ssd1306.c:816:6:ssd1306_I2C_Write	32	static
